// Jest Snapshot v1, https://goo.gl/fbAQLP

exports[`Card should render correctly 1`] = `
<div>
  <div
    class="flex flex-col bg-white rounded-lg shadow-lg p-4 hover:shadow-xl"
  >
    <img
      alt="Product 1"
      class="h-20 w-full object-contain"
      data-nimg="1"
      decoding="async"
      height="100"
      src=""
      style="color: transparent;"
      width="100"
    />
    <div
      class="flex flex-col justify-between flex-1"
    >
      <h2
        class="text-lg font-semibold"
      >
        Product 1
      </h2>
      <p
        class="text-gray-600 flex-1"
      >
        Description of product 1
      </p>
      <div
        class="flex items-center justify-between mt-4"
      >
        <span
          class="text-gray-800 font-semibold"
        >
          200
          $ 
        </span>
        <button
          class="ml-2 bg-blue-500 text-white py-2 px-4 rounded-lg hover:bg-blue-600"
        >
          Add to Cart
        </button>
      </div>
    </div>
  </div>
</div>
`;
